<?xml version="1.0" encoding="UTF-8"?>

<!DOCTYPE jndi-resources [
  <!ENTITY jndi-resources SYSTEM "jndi-resources.xml">
]>

<!-- GENERATED BY T, DO NOT EDIT -->

<Server port="8505" shutdown="password">
  <!--APR library loader. Documentation at /docs/apr.html -->
  <Listener SSLEngine="on" className="org.apache.catalina.core.AprLifecycleListener"/>
  <!--Initialize Jasper prior to webapps are loaded. Documentation at /docs/jasper-howto.html -->
  <Listener className="org.apache.catalina.core.JasperListener"/>
  <!-- Prevent memory leaks due to use of particular java/javax APIs-->
  <Listener className="org.apache.catalina.core.JreMemoryLeakPreventionListener"/>
  <Listener className="org.apache.catalina.mbeans.GlobalResourcesLifecycleListener"/>
  <Listener className="org.apache.catalina.core.ThreadLocalLeakPreventionListener"/>

  <GlobalNamingResources>
    &jndi-resources;
  </GlobalNamingResources>

  <Service name="Catalina">
    <Connector port="8580" protocol="HTTP/1.1" connectionTimeout="20000" />
    <Connector port="8509" protocol="AJP/1.3" connectionTimeout="20000" />

    <Engine defaultHost="localhost" name="Catalina">
      <Host appBase="webapps" autoDeploy="true" name="localhost" 
        unpackWARs="true" copyXML="true" deployXML="true">
        <Valve className="org.apache.catalina.valves.AccessLogValve" 
          directory="logs" pattern="%h %l %u %t &quot;%r&quot; %s %b" 
          prefix="localhost_access_log." resolveHosts="false" suffix=".txt"/>
      </Host>
    </Engine>
  </Service>
</Server>
